// Vitest Snapshot v1, https://vitest.dev/guide/snapshot.html

exports[`exportPayload() > is a stable golden for a fully populated project 1`] = `
{
  "active": "room-a",
  "app": "room-planner",
  "exported": "2024-01-01T00:00:00.000Z",
  "floors": [
    {
      "extWall": 200,
      "id": "floor-1",
      "name": "Ground floor",
      "parentId": null,
    },
  ],
  "folders": [
    {
      "id": "fold-home",
      "name": "Home",
      "parentId": null,
      "tags": [],
    },
  ],
  "invScope": "folder",
  "inventory": [
    {
      "color": "#b8975a",
      "count": 2,
      "folderId": "if-ikea",
      "id": "ikea/kallax/4x2",
      "manualTags": [
        "storage",
      ],
      "name": "Kallax 4x2",
      "open": {
        "bottom": 400,
        "left": 0,
        "right": 0,
        "top": 0,
      },
      "shape": {
        "d": 390,
        "type": "rect",
        "w": 1470,
      },
      "tags": [
        "storage",
        "ikea",
      ],
    },
    {
      "color": "#6e8b7a",
      "count": 1,
      "folderId": null,
      "id": "sofa",
      "manualTags": [
        "seating",
      ],
      "name": "Sofa",
      "open": null,
      "shape": {
        "d": 910,
        "type": "rect",
        "w": 2130,
      },
      "tags": [
        "seating",
      ],
    },
  ],
  "layouts": [
    {
      "dimLabel": "16' x 13'",
      "floorId": "floor-1",
      "floorPlace": {
        "rot": 0,
        "x": 0,
        "y": 0,
      },
      "folderId": "fold-home",
      "id": "room-a",
      "measures": [
        {
          "a": {
            "id": 0,
            "k": "wall",
            "n": 0,
            "part": "side",
          },
          "b": {
            "id": "p1",
            "k": "item",
            "part": "whole",
          },
          "id": "m-1",
        },
        {
          "a": {
            "id": "pil-1",
            "k": "pillar",
            "part": "whole",
          },
          "b": {
            "id": "iw-1",
            "k": "iwall",
            "part": "whole",
          },
          "id": "m-2",
        },
      ],
      "name": "Living area",
      "openings": [
        {
          "corner": "cw",
          "dtype": "hinge",
          "hinge": "start",
          "id": "op-1",
          "kind": "door",
          "offset": 1000,
          "swing": "in",
          "wall": 3,
          "width": 813,
        },
      ],
      "placed": [
        {
          "id": "p1",
          "itemId": "ikea/kallax/4x2",
          "rot": 0,
          "x": 600,
          "y": 400,
        },
        {
          "id": "p2",
          "itemId": "sofa",
          "rot": 180,
          "x": 2400,
          "y": 2800,
        },
      ],
      "room": {
        "floor": "#f5f3ee",
        "iwalls": [
          {
            "a": [
              3000,
              0,
            ],
            "b": [
              3000,
              1500,
            ],
            "id": "iw-1",
            "t": 90,
          },
        ],
        "pillars": [
          {
            "id": "pil-1",
            "rot": 0,
            "shape": {
              "d": 300,
              "type": "rect",
              "w": 300,
            },
            "x": 2400,
            "y": 1980,
          },
        ],
        "points": [
          [
            0,
            0,
          ],
          [
            4880,
            0,
          ],
          [
            4880,
            3960,
          ],
          [
            0,
            3960,
          ],
        ],
        "trim": 19,
        "trimOn": false,
        "wall": 114,
        "wallOff": [
          false,
          false,
          false,
          false,
        ],
      },
    },
    {
      "dimLabel": "",
      "floorId": "floor-1",
      "floorPlace": {
        "rot": 90,
        "x": 5200,
        "y": 0,
      },
      "folderId": "fold-home",
      "id": "room-b",
      "measures": [],
      "name": "Bedroom",
      "openings": [],
      "placed": [],
      "room": {
        "floor": "#efe9dc",
        "iwalls": [],
        "pillars": [],
        "points": [
          [
            0,
            0,
          ],
          [
            3400,
            0,
          ],
          [
            3400,
            3000,
          ],
          [
            0,
            3000,
          ],
        ],
        "trim": 19,
        "wall": 114,
        "wallOff": [
          false,
          false,
          false,
          false,
        ],
      },
    },
  ],
  "onlyAvailable": true,
  "showDims": true,
  "showMeasure": true,
  "showOpen": true,
  "showSwing": true,
  "showWalk": false,
  "snap": "100",
  "unit": "m",
  "version": 2,
  "zoomSpeed": 1.5,
}
`;
